{
    "programs": [

    ],
    "stream_groups": [

    ],
    "streams": [
        {
            "index": 3,
            "codec_name": "subrip",
            "tags": {
                "language": "fre",
                "title": "French (Forced)"
            }
        },
        {
            "index": 4,
            "codec_name": "subrip",
            "tags": {
                "language": "fre",
                "title": "French"
            }
        },
        {
            "index": 5,
            "codec_name": "subrip",
            "tags": {
                "language": "eng",
                "title": "English (SDH)"
            }
        }
    ]
}
